"| "| "| Standardized FRD file, measured by OmniMic "1200743.omm" on 5/10/2014 by userID: 
"| "| "| Equivalent to driven with 2.83V and measured at 1m
"| "| "| Acoustic origin is -21.27useconds behind the mounting plane.
"| "| "| 
298.35619	71.22	-122.6
303.35671	71.27	-122.8
308.44104	71.32	-123
313.61059	71.35	-123.3
318.86678	71.32	-123.6
324.21107	71.25	-123.9
329.64492	71.17	-124.3
335.16985	71.11	-124.7
340.78738	71.14	-125.1
346.49906	71.33	-125.6
352.30647	71.68	-126.1
358.21121	72.13	-126.7
364.21492	72.62	-127.3
370.31925	73.12	-127.9
376.5259	73.65	-128.6
382.83656	74.2	-129.4
389.253	74.74	-130.2
395.77697	75.27	-131.1
402.41029	75.82	-132
409.15479	76.3	-132.9
416.01232	76.72	-133.9
422.98479	77.15	-134.9
430.07412	77.59	-136
437.28226	78.15	-137.2
444.61122	78.78	-138.5
452.06302	79.4	-139.8
459.6397	79.94	-141.2
467.34338	80.4	-142.7
475.17617	80.85	-144.3
483.14023	81.3	-146
491.23778	81.8	-147.9
499.47105	82.36	-150.1
507.84231	82.83	-152
516.35387	83.3	-154
525.00808	83.75	-156
533.80735	84.21	-158.1
542.75409	84.65	-160.3
551.85078	85.08	-162.5
561.09994	85.51	-164.7
570.50411	85.92	-167
580.0659	86.32	-169.3
589.78794	86.72	-171.6
599.67293	87.1	-174
609.7236	87.47	-176.4
619.94272	87.83	-179
630.33311	88.19	178.7
640.89765	88.53	176.2
651.63925	88.86	173.7
662.56088	89.19	171.2
673.66556	89.5	168.7
684.95636	89.8	166.2
696.4364	90.1	163.6
708.10884	90.38	161
719.97692	90.66	158.4
732.04391	90.92	155.8
744.31315	91.18	153.1
756.78802	91.43	150.5
769.47197	91.66	147.8
782.36851	91.88	145
795.4812	92.09	142.3
808.81366	92.28	139.5
822.36957	92.45	136.7
836.15269	92.61	133.8
850.16681	92.74	131
864.41582	92.85	128.1
878.90364	92.93	125.2
893.63428	92.99	122.4
908.61181	93.02	119.7
923.84036	93.03	117
939.32415	93	114.5
955.06746	92.95	112.1
971.07462	92.88	109.9
987.35007	92.79	107.9
1003.8983	92.68	106.2
1020.7239	92.57	104.7
1037.8315	92.47	103.6
1055.2258	92.38	102.6
1072.9116	92.31	101.9
1090.8939	92.26	101.3
1109.1775	92.25	100.9
1127.7676	92.27	100.5
1146.6693	92.31	100
1165.8877	92.38	99.6
1185.4283	92.47	99
1205.2964	92.56	98.5
1225.4974	92.66	97.8
1246.0371	92.76	97.2
1266.9209	92.88	96.5
1288.1549	93	95.8
1309.7446	93.14	95
1331.6963	93.3	94.2
1354.0158	93.47	93.3
1376.7095	93.65	92.1
1399.7835	93.83	90.8
1423.2442	94	89.1
1447.0981	94.14	87.3
1471.3518	94.25	85.4
1496.012	94.32	83.4
1521.0856	94.34	81.4
1546.5793	94.32	79.5
1572.5004	94.28	77.9
1598.8559	94.23	76.4
1625.6531	94.19	75.2
1652.8994	94.17	74
1680.6024	94.17	72.9
1708.7697	94.17	71.6
1737.4091	94.18	70.1
1766.5285	94.15	68.3
1796.136	94.08	66.5
1826.2397	93.93	64.7
1856.8479	93.73	63.1
1887.9691	93.47	61.9
1919.612	93.2	61.2
1951.7851	92.94	61.1
1984.4975	92.72	61.3
2017.7582	92.56	61.6
2051.5763	92.41	61.8
2085.9612	92.25	62
2120.9224	92.06	62.4
2156.4696	91.86	63.2
2192.6126	91.67	64.5
2229.3613	91.57	66.4
2266.7259	91.58	68.3
2304.7168	91.66	69.9
2343.3444	91.77	71.2
2382.6195	91.87	72.3
2422.5528	91.97	73.6
2463.1553	92.13	75.2
2504.4384	92.41	76.7
2546.4134	92.79	77.5
2589.0919	93.2	77.3
2632.4858	93.53	76.2
2676.6069	93.73	74.8
2721.4674	93.82	73.5
2767.0799	93.85	72.8
2813.4568	93.89	72.4
2860.6111	93.95	72.1
2908.5556	94	71.9
2957.3037	94.03	72
3006.8689	94.1	72.6
3057.2647	94.28	73.4
3108.5052	94.59	73.8
3160.6045	94.95	73.1
3213.577	95.24	71.4
3267.4374	95.37	69.3
3322.2004	95.38	67.6
3377.8813	95.35	66.6
3434.4954	95.38	65.8
3492.0584	95.46	64.7
3550.5862	95.49	63
3610.0949	95.38	60.9
3670.6009	95.11	59.4
3732.1211	94.75	58.8
3794.6724	94.37	59.3
3858.272	94	61.1
3922.9376	93.73	64.3
3988.687	93.77	68.8
4055.5384	94.17	72.7
4123.5102	94.76	74.7
4192.6212	95.3	75.3
4262.8906	95.83	75.6
4334.3377	96.42	75.1
4406.9822	97.03	73.4
4480.8443	97.52	70.4
4555.9444	97.85	66.8
4632.3031	98.04	62.9
4709.9417	98.05	58.7
4788.8814	97.83	54.9
4869.1443	97.47	52.6
4950.7523	97.18	51.7
5033.7281	97.02	50.9
5118.0947	96.82	49.7
5203.8752	96.55	49.5
5291.0934	96.42	50
5379.7734	96.39	50.2
5469.9397	96.45	50.5
5561.6173	96.69	49.8
5654.8313	96.83	47.1
5749.6077	96.73	44.3
5845.9725	96.58	42
5943.9525	96.34	39
6043.5746	95.87	36.2
6144.8664	95.29	34.3
6247.8558	94.5	33
6352.5714	93.55	34.9
6459.0421	93.05	39.4
6567.2972	92.92	42.7
6677.3667	92.81	45.2
6789.281	92.7	47.5
6903.071	92.68	50.7
7018.7682	93.02	53.1
7136.4045	93.34	52.2
7256.0123	93.27	50.8
7377.6249	93.1	50
7501.2757	92.79	49.2
7626.9989	92.31	48.9
7754.8293	91.57	50.2
7884.8021	90.9	55.1
8016.9533	90.65	61.3
8151.3194	90.62	67.7
8287.9375	90.92	74.7
8426.8454	91.67	81
8568.0814	92.78	83.9
8711.6845	93.68	83.9
8857.6945	94.49	82.6
9006.1516	95.04	79.4
9157.0969	95.18	76.2
9310.5721	95.09	75.5
9466.6196	95.3	76.4
9625.2825	95.73	76
9786.6046	96.11	74.4
9950.6305	96.48	72.3
10117.405	96.74	68.7
10286.976	96.73	65.1
10459.388	96.66	62.5
10634.69	96.6	59.6
10812.93	96.42	56.5
10994.157	96.11	53.4
11178.422	95.6	51.3
11365.775	95.15	50.8
11556.268	94.84	50.1
11749.954	94.47	48.9
11946.886	93.86	47.2
12147.119	92.82	48.2
12350.708	92	54.8
12557.708	92.08	63.3
12768.179	93	69
12982.177	94.12	68.1
13199.761	94.65	63.4
13420.992	94.64	58.8
13645.931	94.31	55.6
13874.641	93.91	54.5
14107.183	93.63	54.3
14343.623	93.5	54.2
14584.025	93.45	53.2
14828.457	93.31	51.7
15076.986	93.11	49.9
15329.68	92.81	48.1
15586.609	92.43	46.4
15847.844	91.93	45.9
16113.458	91.65	46.6
16383.524	91.65	45.6
16658.115	91.32	42.1
16937.31	90.53	40.9
17221.183	90.04	42.8
17509.814	90.01	42.5
17803.283	89.65	39.7
18101.67	88.95	37.7
18405.059	88.24	37.3
18713.532	87.5	37.7
19027.176	86.97	39
19346.076	86.63	38.6
19670.321	86.05	37.1
20000	85.65	37.1
