"| "| "| "| Standardized FRD file, measured by OmniMic "1200743.omm" on 5/10/2014 by userID: 
"| "| "| "| Equivalent to driven with 2.83V and measured at 1m
"| "| "| "| Acoustic origin is -22.77useconds behind the mounting plane.
"| "| "| "| 
298.35619	69.51	-124.9
303.35671	69.71	-125.3
308.44104	69.77	-125.9
313.61059	69.79	-126.5
318.86678	69.84	-127.1
324.21107	69.84	-127.8
329.64492	69.8	-128.7
335.16985	69.77	-129.5
340.78738	69.8	-130.3
346.49906	69.95	-131.1
352.30647	70.22	-132.1
358.21121	70.6	-133.1
364.21492	71.04	-134
370.31925	71.5	-135.1
376.5259	71.99	-136.2
382.83656	72.5	-137.3
389.253	73.02	-138.5
395.77697	73.5	-139.6
402.41029	74.05	-140.8
409.15479	74.46	-142.1
416.01232	74.82	-143.3
422.98479	75.17	-144.5
430.07412	75.52	-145.9
437.28226	75.96	-147.3
444.61122	76.53	-148.7
452.06302	77.1	-150.2
459.6397	77.58	-151.7
467.34338	77.95	-153.4
475.17617	78.28	-155
483.14023	78.66	-156.7
491.23778	79.08	-158.7
499.47105	79.54	-160.8
507.84231	79.93	-162.8
516.35387	80.31	-164.6
525.00808	80.68	-166.5
533.80735	81.04	-168.6
542.75409	81.39	-170.5
551.85078	81.73	-172.6
561.09994	82.06	-174.5
570.50411	82.38	-176.6
580.0659	82.68	-178.5
589.78794	82.97	179.4
599.67293	83.26	177.4
609.7236	83.53	175.6
619.94272	83.79	173.7
630.33311	84.04	171.8
640.89765	84.28	170.1
651.63925	84.52	168.4
662.56088	84.76	166.8
673.66556	84.99	165.2
684.95636	85.22	163.7
696.4364	85.46	162.3
708.10884	85.7	160.9
719.97692	85.95	159.6
732.04391	86.2	158.3
744.31315	86.47	157
756.78802	86.75	155.7
769.47197	87.04	154.4
782.36851	87.33	153
795.4812	87.63	151.5
808.81366	87.94	149.9
822.36957	88.24	148.3
836.15269	88.54	146.5
850.16681	88.83	144.6
864.41582	89.11	142.6
878.90364	89.37	140.6
893.63428	89.62	138.4
908.61181	89.84	136.3
923.84036	90.05	134.1
939.32415	90.23	132
955.06746	90.39	129.9
971.07462	90.53	127.9
987.35007	90.66	125.9
1003.8983	90.78	124.1
1020.7239	90.89	122.5
1037.8315	91	120.8
1055.2258	91.12	119.3
1072.9116	91.23	117.9
1090.8939	91.36	116.5
1109.1775	91.49	115.1
1127.7676	91.62	113.7
1146.6693	91.76	112.4
1165.8877	91.9	111
1185.4283	92.03	109.6
1205.2964	92.16	108.3
1225.4974	92.43	107.3
1246.0371	92.66	106.1
1266.9209	92.87	104.5
1288.1549	92.99	102.3
1309.7446	92.99	100.4
1331.6963	92.97	98.7
1354.0158	92.95	97.4
1376.7095	92.95	96.4
1399.7835	92.99	95.5
1423.2442	93.08	94.8
1447.0981	93.22	93.9
1471.3518	93.39	92.9
1496.012	93.58	91.4
1521.0856	93.77	89.6
1546.5793	93.91	87.5
1572.5004	94.01	85.2
1598.8559	94.06	82.9
1625.6531	94.05	80.7
1652.8994	93.99	78.7
1680.6024	93.92	77
1708.7697	93.85	75.6
1737.4091	93.81	74.5
1766.5285	93.79	73.4
1796.136	93.8	72.2
1826.2397	93.83	70.8
1856.8479	93.83	69.3
1887.9691	93.8	67.6
1919.612	93.72	66
1951.7851	93.6	64.5
1984.4975	93.45	63.3
2017.7582	93.29	62.6
2051.5763	93.15	62.2
2085.9612	93.06	62.1
2120.9224	93.04	62
2156.4696	93.05	61.7
2192.6126	93.07	61.1
2229.3613	93.07	60.3
2266.7259	93.02	59.5
2304.7168	92.93	59
2343.3444	92.86	58.9
2382.6195	92.86	59.1
2422.5528	92.94	59
2463.1553	93.06	58.4
2504.4384	93.13	57.2
2546.4134	93.09	55.8
2589.0919	92.93	54.9
2632.4858	92.75	55
2676.6069	92.69	55.9
2721.4674	92.81	56.9
2767.0799	93.04	57
2813.4568	93.26	56.2
2860.6111	93.39	55
2908.5556	93.49	53.8
2957.3037	93.61	52.7
3006.8689	93.77	50.9
3057.2647	93.85	48.2
3108.5052	93.72	44.8
3160.6045	93.32	42.1
3213.577	92.76	41.3
3267.4374	92.29	42.7
3322.2004	92.17	45.3
3377.8813	92.35	46.9
3434.4954	92.64	46.6
3492.0584	92.78	44.6
3550.5862	92.69	42.1
3610.0949	92.36	40.2
3670.6009	91.93	39.7
3732.1211	91.54	40.5
3794.6724	91.23	41.8
3858.272	90.94	43.7
3922.9376	90.76	47
3988.687	90.91	50.9
4055.5384	91.4	53.3
4123.5102	91.93	53.2
4192.6212	92.26	51.7
4262.8906	92.42	50.2
4334.3377	92.53	48.9
4406.9822	92.65	47.4
4480.8443	92.7	45.4
4555.9444	92.63	43
4632.3031	92.4	40.9
4709.9417	92.07	39.7
4788.8814	91.78	39.3
4869.1443	91.52	38.7
4950.7523	91.1	38
5033.7281	90.5	39.1
5118.0947	90.11	42.7
5203.8752	90.12	46.3
5291.0934	90.23	48.3
5379.7734	90.26	50.2
5469.9397	90.44	52.7
5561.6173	90.84	54.2
5654.8313	91.19	53.9
5749.6077	91.43	53.5
5845.9725	91.74	52.7
5943.9525	92.01	50.5
6043.5746	92.07	47.4
6144.8664	91.86	44.3
6247.8558	91.42	42.5
6352.5714	90.93	42.5
6459.0421	90.52	43.9
6567.2972	90.37	46.9
6677.3667	90.62	48.4
6789.281	90.67	47.4
6903.071	90.48	48.1
7018.7682	90.65	49.5
7136.4045	90.89	48.6
7256.0123	90.94	46.8
7377.6249	90.79	44.6
7501.2757	90.43	43.7
7626.9989	90.22	43.4
7754.8293	89.84	42.1
7884.8021	89.2	42.8
8016.9533	88.76	45.9
8151.3194	88.62	48.9
8287.9375	88.42	51.4
8426.8454	88.37	56.4
8568.0814	89.01	59.9
8711.6845	89.55	59
8857.6945	89.7	57.4
9006.1516	89.68	56.3
9157.0969	89.56	55.6
9310.5721	89.28	56.2
9466.6196	89.26	59.1
9625.2825	89.57	60.7
9786.6046	90.05	61.1
9950.6305	90.49	58.3
10117.405	90.47	54.8
10286.976	90.3	52.6
10459.388	90.1	50.7
10634.69	89.8	49.1
10812.93	89.48	48.5
10994.157	89.18	47.5
11178.422	88.72	48.1
11365.775	88.57	50
11556.268	88.6	50.6
11749.954	88.7	50.7
11946.886	88.71	48.9
12147.119	88.42	47.4
12350.708	88.11	48.1
12557.708	88.03	49.3
12768.179	88.22	50.1
12982.177	88.51	48.9
13199.761	88.74	46.1
13420.992	88.77	41.9
13645.931	88.62	37.3
13874.641	88.13	32
14107.183	87.35	29
14343.623	86.66	27.7
14584.025	86.16	27.8
14828.457	86.03	26
15076.986	85.77	23.1
15329.68	85.54	17.8
15586.609	84.9	12
15847.844	84.08	5
16113.458	82.75	-1.6
16383.524	80.85	-7.9
16658.115	78.3	-5.8
16937.31	77.08	2.5
17221.183	76.87	5.2
17509.814	76.3	1
17803.283	74.69	-4.3
18101.67	72.5	-5.1
18405.059	70.71	-0.1
18713.532	69.59	0.5
19027.176	68.11	-6.7
19346.076	65.18	-27.6
19670.321	59.32	-72.5
20000	54.4	-121.6
