"| "| "| "| Standardized FRD file, measured by OmniMic "1200743.omm" on 5/10/2014 by userID: 
"| "| "| "| Equivalent to driven with 2.83V and measured at 1m
"| "| "| "| Acoustic origin is -22.77useconds behind the mounting plane.
"| "| "| "| 
298.35619	69.51	-123.8
303.35671	69.71	-124.2
308.44104	69.77	-124.7
313.61059	69.79	-125.3
318.86678	69.84	-125.9
324.21107	69.84	-126.6
329.64492	69.8	-127.4
335.16985	69.77	-128.2
340.78738	69.8	-129
346.49906	69.95	-129.8
352.30647	70.22	-130.7
358.21121	70.6	-131.8
364.21492	71.04	-132.7
370.31925	71.5	-133.7
376.5259	71.99	-134.8
382.83656	72.5	-135.9
389.253	73.02	-137
395.77697	73.5	-138.1
402.41029	74.05	-139.3
409.15479	74.46	-140.5
416.01232	74.82	-141.7
422.98479	75.17	-142.9
430.07412	75.52	-144.2
437.28226	75.96	-145.7
444.61122	76.53	-147.1
452.06302	77.1	-148.5
459.6397	77.58	-150
467.34338	77.95	-151.6
475.17617	78.28	-153.2
483.14023	78.66	-154.9
491.23778	79.08	-156.8
499.47105	79.54	-158.9
507.84231	79.93	-160.8
516.35387	80.31	-162.7
525.00808	80.68	-164.6
533.80735	81.04	-166.6
542.75409	81.39	-168.5
551.85078	81.73	-170.5
561.09994	82.06	-172.4
570.50411	82.38	-174.4
580.0659	82.68	-176.3
589.78794	82.97	-178.3
599.67293	83.26	179.6
609.7236	83.53	177.9
619.94272	83.79	176
630.33311	84.04	174.2
640.89765	84.28	172.5
651.63925	84.52	170.9
662.56088	84.76	169.3
673.66556	84.99	167.8
684.95636	85.22	166.3
696.4364	85.46	164.9
708.10884	85.7	163.6
719.97692	85.95	162.3
732.04391	86.2	161.1
744.31315	86.47	159.9
756.78802	86.75	158.5
769.47197	87.04	157.3
782.36851	87.33	155.9
795.4812	87.63	154.5
808.81366	87.94	153
822.36957	88.24	151.4
836.15269	88.54	149.6
850.16681	88.83	147.8
864.41582	89.11	145.9
878.90364	89.37	143.9
893.63428	89.62	141.8
908.61181	89.84	139.8
923.84036	90.05	137.6
939.32415	90.23	135.5
955.06746	90.39	133.5
971.07462	90.53	131.6
987.35007	90.66	129.7
1003.8983	90.78	127.9
1020.7239	90.89	126.3
1037.8315	91	124.7
1055.2258	91.12	123.3
1072.9116	91.23	121.9
1090.8939	91.36	120.6
1109.1775	91.49	119.3
1127.7676	91.62	118
1146.6693	91.76	116.8
1165.8877	91.9	115.4
1185.4283	92.03	114.1
1205.2964	92.16	112.9
1225.4974	92.31	111.8
1246.0371	92.45	110.9
1266.9209	92.58	109.7
1288.1549	92.68	108.4
1309.7446	92.76	107.1
1331.6963	92.86	105.9
1354.0158	92.96	105
1376.7095	93.1	104.1
1399.7835	93.28	103.2
1423.2442	93.51	102.2
1447.0981	93.76	100.8
1471.3518	94.03	99
1496.012	94.28	96.8
1521.0856	94.48	94.1
1546.5793	94.61	91.2
1572.5004	94.66	88.1
1598.8559	94.62	85.2
1625.6531	94.51	82.6
1652.8994	94.35	80.6
1680.6024	94.2	79.1
1708.7697	94.08	78.1
1737.4091	94.03	77.3
1766.5285	94.05	76.4
1796.136	94.1	75
1826.2397	94.14	73.2
1856.8479	94.1	71
1887.9691	93.97	68.7
1919.612	93.74	66.8
1951.7851	93.45	65.6
1984.4975	93.17	65.3
2017.7582	92.96	65.5
2051.5763	92.87	65.9
2085.9612	92.86	66
2120.9224	92.85	65.3
2156.4696	92.76	64.3
2192.6126	92.55	63.4
2229.3613	92.24	63.4
2266.7259	91.95	64.5
2304.7168	91.79	66.7
2343.3444	91.85	69.1
2382.6195	92.09	70.7
2422.5528	92.37	71.1
2463.1553	92.57	70.7
2504.4384	92.67	70.1
2546.4134	92.7	70
2589.0919	92.76	70.5
2632.4858	92.93	71
2676.6069	93.18	70.9
2721.4674	93.41	70.1
2767.0799	93.55	68.7
2813.4568	93.56	67.5
2860.6111	93.53	67.2
2908.5556	93.6	67.4
2957.3037	93.82	67.4
3006.8689	94.09	66.2
3057.2647	94.24	63.9
3108.5052	94.15	61.4
3160.6045	93.87	59.9
3213.577	93.59	60.2
3267.4374	93.48	61.3
3322.2004	93.54	62.2
3377.8813	93.61	62.4
3434.4954	93.65	62.8
3492.0584	93.78	63.6
3550.5862	94.11	63.8
3610.0949	94.47	62.1
3670.6009	94.61	58.9
3732.1211	94.39	55.7
3794.6724	93.94	54.4
3858.272	93.54	55.1
3922.9376	93.34	56.7
3988.687	93.23	58.2
4055.5384	93.17	60.2
4123.5102	93.3	62.7
4192.6212	93.7	64.4
4262.8906	94.12	64
4334.3377	94.31	62.8
4406.9822	94.41	62.6
4480.8443	94.69	62.8
4555.9444	95.09	61.4
4632.3031	95.28	58.5
4709.9417	95.22	55.9
4788.8814	95.11	54.2
4869.1443	95.01	52.7
4950.7523	94.81	51.3
5033.7281	94.58	50.9
5118.0947	94.47	50.8
5203.8752	94.31	50.1
5291.0934	93.99	50.3
5379.7734	93.82	52.4
5469.9397	94.01	54.2
5561.6173	94.26	54
5654.8313	94.42	53.4
5749.6077	94.58	52.1
5845.9725	94.63	50
5943.9525	94.53	48.1
6043.5746	94.42	46.2
6144.8664	94.11	43.4
6247.8558	93.46	42.3
6352.5714	92.85	43.9
6459.0421	92.52	46.8
6567.2972	92.42	49.8
6677.3667	92.55	52.1
6789.281	92.63	53
6903.071	92.66	54.9
7018.7682	93.01	56.4
7136.4045	93.32	55.7
7256.0123	93.48	54.7
7377.6249	93.57	53.4
7501.2757	93.58	52.1
7626.9989	93.57	50.3
7754.8293	93.29	48.4
7884.8021	92.93	48.2
8016.9533	92.63	48.7
8151.3194	92.39	50.1
8287.9375	92.26	51.7
8426.8454	92.27	54.1
8568.0814	92.62	55.1
8711.6845	92.82	53.9
8857.6945	92.9	52.6
9006.1516	92.82	50.3
9157.0969	92.5	48.7
9310.5721	92.01	48.5
9466.6196	91.75	50.6
9625.2825	91.77	51.5
9786.6046	91.8	51
9950.6305	91.65	49.6
10117.405	91.32	47.7
10286.976	90.66	47.1
10459.388	90.02	48.2
10634.69	89.4	50.8
10812.93	88.89	54.6
10994.157	88.59	59.6
11178.422	88.45	65.3
11365.775	88.79	71.6
11556.268	89.49	75.5
11749.954	90.26	76.5
11946.886	90.89	74.8
12147.119	91	72.1
12350.708	90.85	71.6
12557.708	90.88	72.6
12768.179	91.11	73.4
12982.177	91.4	72.5
13199.761	91.47	71.1
13420.992	91.54	69.9
13645.931	91.45	68.2
13874.641	91.24	67.4
14107.183	91.04	67.4
14343.623	90.92	68.3
14584.025	90.93	69
14828.457	91.09	70.3
15076.986	91.58	69.4
15329.68	91.93	65.9
15586.609	91.98	60.3
15847.844	91.53	55.3
16113.458	90.86	52.1
16383.524	90.18	50.7
16658.115	89.42	50.7
16937.31	88.94	53.5
17221.183	88.97	55.5
17509.814	89.26	53.8
17803.283	89	49.6
18101.67	88.43	46.9
18405.059	87.92	45.3
18713.532	87.26	43.2
19027.176	86.63	42.7
19346.076	86.2	41.4
19670.321	85.58	39.3
20000	85.19	39.2
