"| "| "| "| Standardized FRD file, measured by OmniMic "1200743.omm" on 5/10/2014 by userID: 
"| "| "| "| Equivalent to driven with 2.83V and measured at 1m
"| "| "| "| Acoustic origin is -22.77useconds behind the mounting plane.
"| "| "| "| 
298.35619	69.51	-124.6
303.35671	69.71	-125
308.44104	69.77	-125.5
313.61059	69.79	-126.1
318.86678	69.84	-126.8
324.21107	69.84	-127.5
329.64492	69.8	-128.3
335.16985	69.77	-129.1
340.78738	69.8	-129.9
346.49906	69.95	-130.8
352.30647	70.22	-131.7
358.21121	70.6	-132.7
364.21492	71.04	-133.6
370.31925	71.5	-134.7
376.5259	71.99	-135.8
382.83656	72.5	-136.9
389.253	73.02	-138
395.77697	73.5	-139.2
402.41029	74.05	-140.4
409.15479	74.46	-141.6
416.01232	74.82	-142.8
422.98479	75.17	-144.1
430.07412	75.52	-145.4
437.28226	75.96	-146.8
444.61122	76.53	-148.3
452.06302	77.1	-149.7
459.6397	77.58	-151.2
467.34338	77.95	-152.9
475.17617	78.28	-154.5
483.14023	78.66	-156.2
491.23778	79.08	-158.1
499.47105	79.54	-160.3
507.84231	79.93	-162.2
516.35387	80.31	-164
525.00808	80.68	-166
533.80735	81.04	-168
542.75409	81.39	-169.9
551.85078	81.73	-172
561.09994	82.06	-173.9
570.50411	82.38	-176
580.0659	82.68	-177.9
589.78794	82.97	-179.9
599.67293	83.26	178
609.7236	83.53	176.3
619.94272	83.79	174.3
630.33311	84.04	172.5
640.89765	84.28	170.8
651.63925	84.52	169.1
662.56088	84.76	167.5
673.66556	84.99	165.9
684.95636	85.22	164.5
696.4364	85.46	163
708.10884	85.7	161.7
719.97692	85.95	160.3
732.04391	86.2	159.1
744.31315	86.47	157.9
756.78802	86.75	156.5
769.47197	87.04	155.3
782.36851	87.33	153.8
795.4812	87.63	152.3
808.81366	87.94	150.8
822.36957	88.24	149.1
836.15269	88.54	147.4
850.16681	88.83	145.5
864.41582	89.11	143.6
878.90364	89.37	141.5
893.63428	89.62	139.4
908.61181	89.84	137.3
923.84036	90.05	135.1
939.32415	90.23	133
955.06746	90.39	130.9
971.07462	90.53	129
987.35007	90.66	127
1003.8983	90.78	125.2
1020.7239	90.89	123.6
1037.8315	91	121.9
1055.2258	91.12	120.4
1072.9116	91.23	119.1
1090.8939	91.36	117.7
1109.1775	91.49	116.3
1127.7676	91.62	114.9
1146.6693	91.76	113.7
1165.8877	91.9	112.3
1185.4283	92.03	110.9
1205.2964	92.16	109.6
1225.4974	92.37	108.7
1246.0371	92.55	107.7
1266.9209	92.71	106.4
1288.1549	92.82	104.8
1309.7446	92.85	103.2
1331.6963	92.87	101.7
1354.0158	92.89	100.6
1376.7095	92.93	99.7
1399.7835	93.01	98.9
1423.2442	93.13	98.2
1447.0981	93.31	97.3
1471.3518	93.52	96.1
1496.012	93.74	94.5
1521.0856	93.93	92.5
1546.5793	94.08	90.2
1572.5004	94.17	87.6
1598.8559	94.17	85.1
1625.6531	94.1	82.9
1652.8994	93.98	81.1
1680.6024	93.85	79.9
1708.7697	93.77	79.2
1737.4091	93.76	78.8
1766.5285	93.83	78.3
1796.136	93.97	77.3
1826.2397	94.12	75.8
1856.8479	94.22	73.7
1887.9691	94.22	71.3
1919.612	94.11	68.9
1951.7851	93.91	67.1
1984.4975	93.68	66
2017.7582	93.48	65.7
2051.5763	93.38	65.8
2085.9612	93.39	65.7
2120.9224	93.45	65
2156.4696	93.46	63.7
2192.6126	93.36	62.2
2229.3613	93.13	61
2266.7259	92.83	60.9
2304.7168	92.59	61.9
2343.3444	92.53	63.8
2382.6195	92.67	65.4
2422.5528	92.94	65.9
2463.1553	93.2	65.3
2504.4384	93.34	64.1
2546.4134	93.38	63.1
2589.0919	93.39	62.6
2632.4858	93.47	62.5
2676.6069	93.65	62.1
2721.4674	93.86	60.7
2767.0799	93.97	58.4
2813.4568	93.89	55.8
2860.6111	93.62	54
2908.5556	93.28	53.6
2957.3037	93.08	54.5
3006.8689	93.09	55.6
3057.2647	93.23	55.8
3108.5052	93.31	54.8
3160.6045	93.25	53.7
3213.577	93.1	53.4
3267.4374	93.02	53.8
3322.2004	93.07	54.2
3377.8813	93.15	53.9
3434.4954	93.14	53.1
3492.0584	93.06	53
3550.5862	93.08	53.6
3610.0949	93.28	53.7
3670.6009	93.49	52.2
3732.1211	93.49	49.7
3794.6724	93.26	47.7
3858.272	92.97	46.9
3922.9376	92.72	46.6
3988.687	92.47	46.2
4055.5384	92.09	46.2
4123.5102	91.65	47.6
4192.6212	91.35	50.6
4262.8906	91.31	54.1
4334.3377	91.46	57.1
4406.9822	91.74	59.7
4480.8443	92.2	61.6
4555.9444	92.79	61.6
4632.3031	93.24	59.2
4709.9417	93.36	56.1
4788.8814	93.22	53.7
4869.1443	92.98	52.2
4950.7523	92.64	51.7
5033.7281	92.28	52.7
5118.0947	92.12	55
5203.8752	92.15	57.2
5291.0934	92.24	59.1
5379.7734	92.45	61.1
5469.9397	92.84	62.4
5561.6173	93.28	62.5
5654.8313	93.71	61.5
5749.6077	94.09	59.3
5845.9725	94.29	56.1
5943.9525	94.26	52.6
6043.5746	94.01	49.7
6144.8664	93.61	47.7
6247.8558	93.15	47.4
6352.5714	92.79	48.3
6459.0421	92.56	49.8
6567.2972	92.47	51.7
6677.3667	92.57	53.1
6789.281	92.65	53.7
6903.071	92.73	54.3
7018.7682	92.87	54.8
7136.4045	93.07	55
7256.0123	93.32	54.1
7377.6249	93.46	52.4
7501.2757	93.51	50.5
7626.9989	93.42	48.4
7754.8293	93.21	46.9
7884.8021	92.99	46.1
8016.9533	92.76	45.3
8151.3194	92.48	45.1
8287.9375	92.19	45.5
8426.8454	92.04	47.4
8568.0814	92.21	48.1
8711.6845	92.31	47.2
8857.6945	92.28	45.2
9006.1516	91.95	43.4
9157.0969	91.5	42.4
9310.5721	90.89	43.6
9466.6196	90.64	47.2
9625.2825	90.84	49.6
9786.6046	91.04	49.4
9950.6305	91.14	48.9
10117.405	91.15	46.7
10286.976	90.75	45
10459.388	90.44	45.5
10634.69	90.28	44.9
10812.93	89.88	44.4
10994.157	89.53	44.9
11178.422	89.1	45.5
11365.775	88.67	48.4
11556.268	88.78	51.6
11749.954	88.92	51.4
11946.886	88.83	51.3
12147.119	88.65	50.4
12350.708	88.14	51.3
12557.708	88	54.4
12768.179	88.02	56.5
12982.177	88.33	58
13199.761	88.49	56.7
13420.992	88.44	55.5
13645.931	88.24	53.9
13874.641	87.81	53.4
14107.183	87.45	55.4
14343.623	87.41	57.7
14584.025	87.63	59.2
14828.457	88	58.7
15076.986	88.34	56.6
15329.68	88.55	51.9
15586.609	88.31	46.4
15847.844	87.83	41.3
16113.458	87.06	38.5
16383.524	86.5	35.4
16658.115	85.58	33.7
16937.31	84.71	33.7
17221.183	84.39	35.6
17509.814	84.2	32.6
17803.283	83.53	28
18101.67	82.33	25.8
18405.059	81.46	25.4
18713.532	80.67	24
19027.176	79.67	21.9
19346.076	78.6	18.6
19670.321	77.1	16.8
20000	76.25	17.8
