"| "| "| Standardized FRD file, measured by OmniMic "1200743.omm" on 5/10/2014 by userID: 
"| "| "| Equivalent to driven with 2.83V and measured at 1m
"| "| "| Acoustic origin is -22.77useconds behind the mounting plane.
"| "| "| 
298.35619	69.51	-123.4
303.35671	69.71	-123.8
308.44104	69.77	-124.3
313.61059	69.79	-124.9
318.86678	69.84	-125.5
324.21107	69.84	-126.2
329.64492	69.8	-127
335.16985	69.77	-127.8
340.78738	69.8	-128.6
346.49906	69.95	-129.4
352.30647	70.22	-130.3
358.21121	70.6	-131.3
364.21492	71.04	-132.2
370.31925	71.5	-133.2
376.5259	71.99	-134.3
382.83656	72.5	-135.4
389.253	73.02	-136.5
395.77697	73.5	-137.6
402.41029	74.05	-138.8
409.15479	74.46	-140
416.01232	74.82	-141.2
422.98479	75.17	-142.4
430.07412	75.52	-143.7
437.28226	75.96	-145.1
444.61122	76.53	-146.5
452.06302	77.1	-147.9
459.6397	77.58	-149.4
467.34338	77.95	-151
475.17617	78.28	-152.6
483.14023	78.66	-154.3
491.23778	79.08	-156.2
499.47105	79.54	-158.3
507.84231	79.93	-160.2
516.35387	80.31	-162
525.00808	80.68	-163.9
533.80735	81.04	-165.9
542.75409	81.39	-167.8
551.85078	81.73	-169.8
561.09994	82.06	-171.7
570.50411	82.38	-173.7
580.0659	82.68	-175.6
589.78794	82.97	-177.6
599.67293	83.26	-179.6
609.7236	83.53	178.7
619.94272	83.79	176.8
630.33311	84.04	175
640.89765	84.28	173.3
651.63925	84.52	171.7
662.56088	84.76	170.1
673.66556	84.99	168.6
684.95636	85.22	167.2
696.4364	85.46	165.8
708.10884	85.7	164.5
719.97692	85.95	163.2
732.04391	86.2	162
744.31315	86.47	160.8
756.78802	86.75	159.5
769.47197	87.04	158.3
782.36851	87.33	156.9
795.4812	87.63	155.5
808.81366	87.94	154
822.36957	88.24	152.4
836.15269	88.54	150.7
850.16681	88.83	148.9
864.41582	89.11	147
878.90364	89.37	145
893.63428	89.62	142.9
908.61181	89.84	140.9
923.84036	90.05	138.8
939.32415	90.23	136.7
955.06746	90.39	134.7
971.07462	90.53	132.8
987.35007	90.66	130.9
1003.8983	90.78	129.2
1020.7239	90.89	127.6
1037.8315	91	126
1055.2258	91.12	124.6
1072.9116	91.23	123.3
1090.8939	91.36	122
1109.1775	91.49	120.7
1127.7676	91.62	119.4
1146.6693	91.76	118.2
1165.8877	91.9	116.9
1185.4283	92.03	115.6
1205.2964	92.16	114.4
1225.4974	92.29	113.2
1246.0371	92.42	112.1
1266.9209	92.57	111.1
1288.1549	92.73	110.1
1309.7446	92.92	109.1
1331.6963	93.13	108
1354.0158	93.36	106.8
1376.7095	93.61	105.3
1399.7835	93.86	103.5
1423.2442	94.09	101.4
1447.0981	94.3	99.1
1471.3518	94.46	96.6
1496.012	94.57	93.9
1521.0856	94.62	91.2
1546.5793	94.63	88.7
1572.5004	94.59	86.3
1598.8559	94.54	84.2
1625.6531	94.47	82.4
1652.8994	94.41	80.7
1680.6024	94.37	79.2
1708.7697	94.35	77.6
1737.4091	94.33	75.8
1766.5285	94.28	73.9
1796.136	94.2	71.9
1826.2397	94.06	69.9
1856.8479	93.87	68.1
1887.9691	93.63	66.7
1919.612	93.37	65.7
1951.7851	93.13	65.2
1984.4975	92.92	64.9
2017.7582	92.75	64.6
2051.5763	92.58	64.4
2085.9612	92.38	64.2
2120.9224	92.15	64.2
2156.4696	91.9	64.7
2192.6126	91.68	65.9
2229.3613	91.55	67.6
2266.7259	91.53	69.4
2304.7168	91.58	70.8
2343.3444	91.67	72
2382.6195	91.75	73
2422.5528	91.83	74.2
2463.1553	91.98	75.8
2504.4384	92.25	77.2
2546.4134	92.62	77.9
2589.0919	93.01	77.5
2632.4858	93.32	76.4
2676.6069	93.5	74.9
2721.4674	93.57	73.7
2767.0799	93.61	73.1
2813.4568	93.68	72.9
2860.6111	93.79	72.7
2908.5556	93.93	72.4
2957.3037	94.06	72.1
3006.8689	94.21	71.8
3057.2647	94.39	71.5
3108.5052	94.64	70.9
3160.6045	94.89	69.5
3213.577	95.06	67.6
3267.4374	95.1	65.5
3322.2004	95.05	64
3377.8813	95.02	63.2
3434.4954	95.08	62.6
3492.0584	95.2	61.3
3550.5862	95.27	59.1
3610.0949	95.19	56.6
3670.6009	94.94	54.4
3732.1211	94.59	52.9
3794.6724	94.17	52.2
3858.272	93.7	52.5
3922.9376	93.25	54.4
3988.687	93.02	57.7
4055.5384	93.09	61.1
4123.5102	93.29	63.3
4192.6212	93.48	64.9
4262.8906	93.69	66.9
4334.3377	94.1	68.9
4406.9822	94.66	69.7
4480.8443	95.24	69
4555.9444	95.74	67.2
4632.3031	96.14	64.4
4709.9417	96.38	60.7
4788.8814	96.36	56.9
4869.1443	96.14	54.3
4950.7523	95.95	52.9
5033.7281	95.83	51.5
5118.0947	95.64	50
5203.8752	95.4	49.4
5291.0934	95.25	49.5
5379.7734	95.16	49.6
5469.9397	95.19	50.1
5561.6173	95.43	49.6
5654.8313	95.58	47.1
5749.6077	95.5	44.4
5845.9725	95.35	41.9
5943.9525	95.1	38.9
6043.5746	94.64	36.4
6144.8664	94.09	34.5
6247.8558	93.3	33
6352.5714	92.33	34.8
6459.0421	91.78	39.6
6567.2972	91.64	43.4
6677.3667	91.56	46.2
6789.281	91.49	48.7
6903.071	91.49	52.1
7018.7682	91.9	54.8
7136.4045	92.28	54.1
7256.0123	92.3	52.9
7377.6249	92.23	52.4
7501.2757	92.09	51.8
7626.9989	91.85	51.3
7754.8293	91.41	51.5
7884.8021	90.97	54.1
8016.9533	90.78	57.1
8151.3194	90.6	60.2
8287.9375	90.53	64.6
8426.8454	90.77	69.7
8568.0814	91.43	73.1
8711.6845	92.05	74
8857.6945	92.64	73.7
9006.1516	93.04	71.6
9157.0969	93.11	69.1
9310.5721	92.94	68.9
9466.6196	93.06	70.2
9625.2825	93.38	70.2
9786.6046	93.65	68.9
9950.6305	93.84	67.3
10117.405	93.93	64.6
10286.976	93.79	62.2
10459.388	93.61	60.9
10634.69	93.45	59.4
10812.93	93.19	58
10994.157	92.88	57
11178.422	92.51	56.9
11365.775	92.31	58.1
11556.268	92.39	58.2
11749.954	92.41	56.2
11946.886	92.14	52.3
12147.119	91.25	48.6
12350.708	89.94	49.3
12557.708	88.83	54.5
12768.179	88.18	62.2
12982.177	88.18	70.1
13199.761	88.44	75.5
13420.992	88.66	80.2
13645.931	88.98	85.1
13874.641	89.54	89.8
14107.183	90.3	93
14343.623	91.17	94.8
14584.025	92.12	94.7
14828.457	93.07	92.6
15076.986	93.89	87.9
15329.68	94.38	81.5
15586.609	94.48	74.3
15847.844	94.12	68
16113.458	93.63	64.1
16383.524	93.22	60.9
16658.115	92.64	57.6
16937.31	91.89	57.1
17221.183	91.65	58.7
17509.814	91.81	56.8
17803.283	91.5	52.2
18101.67	90.83	48.9
18405.059	90.13	47
18713.532	89.33	45.8
19027.176	88.7	46.2
19346.076	88.28	45.6
19670.321	87.68	44.3
20000	87.33	44.4
